#
# Copyright 2016-2019 The Reaktivity Project
#
# The Reaktivity Project licenses this file to you under the Apache License,
# version 2.0 (the "License"); you may not use this file except in compliance
# with the License. You may obtain a copy of the License at:
#
#   http://www.apache.org/licenses/LICENSE-2.0
#
# Unless required by applicable law or agreed to in writing, software
# distributed under the License is distributed on an "AS IS" BASIS, WITHOUT
# WARRANTIES OR CONDITIONS OF ANY KIND, either express or implied. See the
# License for the specific language governing permissions and limitations
# under the License.
#

property networkConnect "nukleus://streams/kafka#0"
property networkConnectWindow 8192

property newMetadataRequestId ${kafka:newRequestId()}
property newRequestId ${kafka:newRequestId()}
property maximumWaitTime 500
property maximumBytes 65535
property maximumPartitionBytes 8192

# Metadata connection
connect await ROUTED_SERVER
        ${networkConnect}
  option nukleus:window ${networkConnectWindow}
  option nukleus:transmission "duplex"
  option nukleus:byteorder "network"

write nukleus:begin.ext ${tcp:beginEx()
                             .typeId(nukleus:id("tcp"))
                             .localAddress("0.0.0.0")
                             .localPort(0)
                             .remoteHost("broker1")
                             .remotePort(9093)
                             .build()}


connected

write 21        # Size int32
write 3s        # ApiKey int16 (Metadata)
write 5s        # ApiVersion int16
write ${newMetadataRequestId} # CorrelationId int32
write -1s       # ClientId string (null)
write 1         # [TopicName] array length
  write 4s "test"
write [0x00]    # allow_auto_topic_creation (boolean)

read 85         # Size int32
read ${newMetadataRequestId} # CorrelationId int32
read [0..4]     # throttle_time_ms int32
read 1          # brokers array length
  read 1        # broker id
  read 7s "broker1"
  read 9093     # port int32
  read -1s      # rack string (null)
read 9s "cluster 1"
read 1          # controller broker id
read 1          # topic array length
  read 0s       # error code
  read 4s "test"
  read [0x00]   # is_internal boolean
  read 1        # partition array length
    read 0s     # error code
    read 0      # partition
    read 1      # leader
    read 0      # replicas array (empty)
    read -1     # isr array (null)
    read 0      # offline replicas array (empty)

write 62        # Size int32
write 32s       # ApiKey int16 (DescribeConfigs)
write 0s        # ApiVersion int16
write ${newMetadataRequestId} # CorrelationId int32
write -1s       # ClientId string (null)
write 1         # resources count
write [0x02]    # resource type (topic is 2, from org/apache/kafka/common/resource/ResourceType.java)
write 4s "test" # topic name
write 2         # config names count
write 14s "cleanup.policy"  # config name
write 19s "delete.retention.ms" # config name

read 88         # Size int32
read ${newMetadataRequestId} # CorrelationId int32
read [0..4]     # throttle_time_ms int32
read 1          # resources count
read 0s         # error code
read -1s        # error message
read [0x02]     # resource type (topic)
read 4s "test"  # topic name
read 2          # config entries count
read 14s "cleanup.policy"   # config name
read 6s "delete"            # config value
read [0x00]     # read_only boolean
read [0x01]     # is_default boolean
read [0x00]     # is_sensitive boolean
read 19s "delete.retention.ms"
read 8s "86400000"
read [0x00]     # read_only boolean
read [0x01]     # is_default boolean
read [0x00]     # is_sensitive boolean
read notify METADATA_RECEIVED

# Fetch stream
# ------------
connect await METADATA_RECEIVED
        ${networkConnect}
  option nukleus:window ${networkConnectWindow}
  option nukleus:transmission "duplex"
  option nukleus:byteorder "network"

write nukleus:begin.ext ${tcp:beginEx()
                             .typeId(nukleus:id("tcp"))
                             .localAddress("0.0.0.0")
                             .localPort(0)
                             .remoteHost("broker1")
                             .remotePort(9093)
                             .build()}


connected

# first list offsets request
write 41        # Size int32
write 2s        # ApiKey (ListOffsets)
write 2s        # ApiVersion
write ${newMetadataRequestId} # CorrelationId
write -1s       # ClientId string (null)
write -1        # replicaId
write [0x00]    # isolation level (0=READ_UNCOMMITTED)
write 1         # topic count
write 4s "test" # topic name
write 1         # partition count
write 0         # partition
write -1L       # timestamp (high water mark offset)

read 44         # Size int32
read ${newMetadataRequestId} # CorrelationId int32
read 0          # throttle_time_ms int32
read 1          # topic count
read 4s "test"  # topic name
read 1          # partition count
read 0          # partition
read 0s         # error code
read -1L        # timestamp
read 15L        # offset

# fetch using reported offset
write 65
write 1s
write 5s
write ${newRequestId}
write -1s
write -1
write ${maximumWaitTime}
write 1
write ${maximumBytes}
write [0x00]
write 1
write 4s "test"
write 1
write 0
write 15L       # offset
write -1L
write ${maximumPartitionBytes}

read 140
read ${newRequestId}
read [0..4]
read 1
read 4s "test"
read 1
read 0
read 0s
read 16L        # high watermark
read -1L
read 0L         # log start offset
read -1
read 80
read 15L        # first offset
read 68
read 0
read [0x02]
read 0x4e8723aa
read 0s
read 0
read (long:timestamp)
read ${timestamp}
read -1L
read -1s
read -1
read 1
read ${kafka:varint(18)}
read [0x00]
read ${kafka:varint(0)}
read ${kafka:varint(0)}
read ${kafka:varint(-1)}
read ${kafka:varint(12)}
read "Hello, live1"
read ${kafka:varint(0)}

# Second fetch request
write 65
write 1s
write 5s
write ${newRequestId}
write -1s
write -1
write ${maximumWaitTime}
write 1
write ${maximumBytes}
write [0x00]
write 1
write 4s "test"
write 1
write 0
write 16L       # offset
write -1L
write ${maximumPartitionBytes}

read 60
read ${newRequestId}
read [0..4]
read 1
read 4s "test"
read 1
read 0
read 0s
read 16L        # high watermark
read -1L
read 0L         # log start offset
read -1
read 0          # record set length


# Third fetch request
write 65
write 1s
write 5s
write ${newRequestId}
write -1s
write -1
write ${maximumWaitTime}
write 1
write ${maximumBytes}
write [0x00]
write 1
write 4s "test"
write 1
write 0
write 2L        # offset
write -1L
write ${maximumPartitionBytes}

read 140
read ${newRequestId}
read [0..4]
read 1
read 4s "test"
read 1
read 0
read 0s
read 16L        # high watermark
read -1L
read 0L         # log start offset
read -1
read 80
read 2L         # first offset
read 68
read 0
read [0x02]
read 0x4e8723aa
read 0s
read 0
read (long:timestamp)
read ${timestamp}
read -1L
read -1s
read -1
read 1
read ${kafka:varint(18)}
read [0x00]
read ${kafka:varint(0)}
read ${kafka:varint(0)}
read ${kafka:varint(-1)}
read ${kafka:varint(12)}
read "Hello, again"
read ${kafka:varint(0)}


# second list offsets request
write 41        # Size int32
write 2s        # ApiKey (ListOffsets)
write 2s        # ApiVersion
write ${newMetadataRequestId} # CorrelationId
write -1s       # ClientId string (null)
write -1        # replicaId
write [0x00]    # isolation level (0=READ_UNCOMMITTED)
write 1         # topic count
write 4s "test" # topic name
write 1         # partition count
write 0         # partition
write -1L       # timestamp (high water mark offset)

read 44         # Size int32
read ${newMetadataRequestId} # CorrelationId int32
read 0          # throttle_time_ms int32
read 1          # topic count
read 4s "test"  # topic name
read 1          # partition count
read 0          # partition
read 0s         # error code
read -1L        # timestamp
read 16L        # offset

# fetch using reported offset
write 65
write 1s
write 5s
write ${newRequestId}
write -1s
write -1
write ${maximumWaitTime}
write 1
write ${maximumBytes}
write [0x00]
write 1
write 4s "test"
write 1
write 0
write 16L       # offset
write -1L
write ${maximumPartitionBytes}

read 140
read ${newRequestId}
read [0..4]
read 1
read 4s "test"
read 1
read 0
read 0s
read 17L        # high watermark
read -1L
read 0L         # log start offset
read -1
read 80
read 16L        # first offset
read 68
read 0
read [0x02]
read 0x4e8723aa
read 0s
read 0
read (long:timestamp)
read ${timestamp}
read -1L
read -1s
read -1
read 1
read ${kafka:varint(18)}
read [0x00]
read ${kafka:varint(0)}
read ${kafka:varint(0)}
read ${kafka:varint(-1)}
read ${kafka:varint(12)}
read "Hello, live2"
read ${kafka:varint(0)}

# Historical fetch connection
# ---------------------------
connect await METADATA_RECEIVED
        ${networkConnect}
  option nukleus:window ${networkConnectWindow}
  option nukleus:transmission "duplex"
  option nukleus:byteorder "network"

write nukleus:begin.ext ${tcp:beginEx()
                             .typeId(nukleus:id("tcp"))
                             .localAddress("0.0.0.0")
                             .localPort(0)
                             .remoteHost("broker1")
                             .remotePort(9093)
                             .build()}


connected

# First historical fetch
write 65
write 1s
write 5s
write ${newRequestId}
write -1s
write -1
write ${maximumWaitTime}
write 1
write ${maximumBytes}
write [0x00]
write 1
write 4s "test"
write 1
write 0
write 1L        # offset
write -1L
write ${maximumPartitionBytes}

read 140
read ${newRequestId}
read [0..4]
read 1
read 4s "test"
read 1
read 0
read 0s
read 16L        # high watermark
read -1L
read 0L         # log start offset
read -1
read 80
read 1L         # first offset
read 68
read 0
read [0x02]
read 0x4e8723aa
read 0s
read 0          # last offset delta
read (long:timestamp)
read ${timestamp}
read -1L
read -1s
read -1
read 1          # number of records
read ${kafka:varint(18)}
read [0x00]
read ${kafka:varint(0)}
read ${kafka:varint(0)}     # offset delta
read ${kafka:varint(-1)}
read ${kafka:varint(12)}
read "Hello, world"
read ${kafka:varint(0)}

# Historical fetches continue

write 65
write 1s
write 5s
write ${newRequestId}
write -1s
write -1
write ${maximumWaitTime}
write 1
write ${maximumBytes}
write [0x00]
write 1
write 4s "test"
write 1
write 0
write 2L        # offset
write -1L
write ${maximumPartitionBytes}
