#
# Copyright 2016-2018 The Reaktivity Project
#
# The Reaktivity Project licenses this file to you under the Apache License,
# version 2.0 (the "License"); you may not use this file except in compliance
# with the License. You may obtain a copy of the License at:
#
#   http://www.apache.org/licenses/LICENSE-2.0
#
# Unless required by applicable law or agreed to in writing, software
# distributed under the License is distributed on an "AS IS" BASIS, WITHOUT
# WARRANTIES OR CONDITIONS OF ANY KIND, either express or implied. See the
# License for the specific language governing permissions and limitations
# under the License.
#

property newNetworkRouteRef ${nuklei:newReferenceId()} # external scope

property networkAccept "nukleus://kafka/streams/source"
property networkAcceptWindow 8192

accept ${networkAccept}
  option nukleus:route  ${newNetworkRouteRef}
  option nukleus:window ${networkAcceptWindow}
  option nukleus:transmission "duplex"
  option nukleus:byteorder "network"

accepted
connected

read 21 # Size int32
read 0x03s # ApiKey int16 (Metadata)
read 0x05s # ApiVersion int16
read (int:metadataRequestId) # CorrelationId int32
read -1s # ClientId string (null)
read 1 # [TopicName] array length
  read 4s "test"
read [0x00] # allow_auto_topic_creation (boolean)

write 63 # Size int32
write ${metadataRequestId} # CorrelationId int32 # 151
write 0 # throttle_time_ms int32
write 1      # brokers array length
  write 1    # broker id # 12 + 127 = 139
  write 7s "broker1"
  write 9093 # port int32
  write -1s  # rack string (null)
write 9s "cluster 1"  # 125
write 1 # controller broker id
write 1 # topic array length
  write 3s # UnknownTopic
  write 4s "test"
  write byte 0x00 # is_internal
  write -1 # partition array length (null)
