#
# Copyright 2016-2017 The Reaktivity Project
#
# The Reaktivity Project licenses this file to you under the Apache License,
# version 2.0 (the "License"); you may not use this file except in compliance
# with the License. You may obtain a copy of the License at:
#
#   http://www.apache.org/licenses/LICENSE-2.0
#
# Unless required by applicable law or agreed to in writing, software
# distributed under the License is distributed on an "AS IS" BASIS, WITHOUT
# WARRANTIES OR CONDITIONS OF ANY KIND, either express or implied. See the
# License for the specific language governing permissions and limitations
# under the License.
#

property nukleusRMH01N ${nuklei:directory("target/nukleus-itests").controlCapacity(1024, 1024)}

property controlRMH01N ${nukleusRMH01N.controlNew("kafka")}

property newRouteRef ${nuklei:newReferenceId()}

connect "agrona://stream/bidirectional"
        option agrona:reader ${agrona:manyToOneReader(controlRMH01N.nukleus)}
        option agrona:writer ${agrona:broadcastTransmitter(controlRMH01N.controller)}

connected

read 0x00000001
read (long:correlationIdRNT01N1)
read [0x01]
read [0x06] "source"
read 0L
read [0x06] "target"
read (long:clientConnectRefRNT01N)
read 0L
read 4s "test"
read 19
read 7s "header1"
read 6 "match1"

write 0x40000001
write ${correlationIdRNT01N1}
write ${newRouteRef}
write ${clientConnectRefRNT01N}
write flush

read 0x00000001
read (long:correlationIdRNT01N2)
read [0x01]
read [0x06] "source"
read ${newRouteRef}
read [0x06] "target"
read ${clientConnectRefRNT01N}
read 0L
read 4s "test"
read 19
read 7s "header1"
read 6 "match2"

write 0x40000001
write ${correlationIdRNT01N2}
write ${newRouteRef}
write ${clientConnectRefRNT01N}
write flush

close
closed
