#
# Copyright 2016-2017 The Reaktivity Project
#
# The Reaktivity Project licenses this file to you under the Apache License,
# version 2.0 (the "License"); you may not use this file except in compliance
# with the License. You may obtain a copy of the License at:
#
#   http://www.apache.org/licenses/LICENSE-2.0
#
# Unless required by applicable law or agreed to in writing, software
# distributed under the License is distributed on an "AS IS" BASIS, WITHOUT
# WARRANTIES OR CONDITIONS OF ANY KIND, either express or implied. See the
# License for the specific language governing permissions and limitations
# under the License.
#

property newNetworkRouteRef ${nuklei:newReferenceId()} # external scope

property newTimestamp ${kafka:timestamp()}

property networkAccept "nukleus://kafka/streams/source"
property networkAcceptWindow 8192

accept ${networkAccept}
  option nukleus:route  ${newNetworkRouteRef}
  option nukleus:window ${networkAcceptWindow}
  option nukleus:transmission "duplex"
  option nukleus:byteorder "network"

# Metadata connection
accepted
connected

# Metadata request for topic test which has one partition on each broker
read 21         # Size int32
read 3s         # ApiKey int16 (Metadata)
read 5s         # ApiVersion int16
read (int:metadataRequestId) # CorrelationId int32
read -1s        # ClientId string (null)
read 1          # [TopicName] array length
  read 4s "test"
read [0x00]     # allow_auto_topic_creation (boolean)

write 126       # Size int32
write ${metadataRequestId}  # CorrelationId int32
write 0         # throttle_time_ms int32
write 2         # brokers array length
  write 1       # broker id
  write 7s "broker1"
  write 9093    # port int32
  write -1s     # rack string (null)

  write 2
  write 7s "broker2"
  write 9093
  write -1s
write 9s "cluster 1"
write 1         # controller broker id
write 1         # topic array length
  write 0s      # error code
  write 4s "test"
  write byte 0  # is_internal
  write 2       # partition array length
    write 0s    # error code
    write 0     # partition
    write 1     # leader
    write 0     # replicas array (empty)
    write -1    # isr array (null)
    write 0     # offline replicas array (empty)

    write 0s    # error code
    write 1     # partition
    write 2     # leader
    write 0     # replicas array (empty)
    write -1    # isr array (null)
    write 0     # offline replicas array (empty)

read 62         # Size int32
read 32s        # ApiKey int16 (DescribeConfigs)
read 0s         # ApiVersion int16
read (int:metadataRequestId) # CorrelationId int32
read -1s        # ClientId string (null)
read 1          # [Resources] array length
read [0x02]     # resource type int8 (topic)
read 4s "test"  # topic name
read 2          # config_names count
read 14s "cleanup.policy"
read 19s "delete.retention.ms"

write 88        # Size int32
write ${metadataRequestId}  # CorrelationId int32
write 0         # throttle_time_ms int32
write 1         # resources count
write 0s        # error code
write -1s       # error message
write [0x02]    # resource type
write 4s "test" # topic name
write 2         # config entries count
write 14s "cleanup.policy"  # config name
write 6s "delete"           # config  value
write [0x00]    # read_only boolean
write [0x01]    # is_default boolean
write [0x00]    # is_sensitive boolean
write 19s "delete.retention.ms"
write 8s "86400000"
write [0x00]    # read_only boolean
write [0x01]    # is_default boolean
write [0x00]    # is_sensitive boolean

read await CONNECTION_ONE_FETCH_RESPONSE_ERROR_WRITTEN

# Impacted metadata is refreshed because of first fetch error
read 21         # Size int32
read 3s         # ApiKey int16 (Metadata)
read 5s         # ApiVersion int16
read (int:metadataRequestId) # CorrelationId int32
read -1s        # ClientId string (null)
read 1          # [TopicName] array length
  read 4s "test"
read [0x00]     # allow_auto_topic_creation (boolean)

write 129       # Size int32
write ${metadataRequestId}  # CorrelationId int32
write 0         # throttle_time_ms int32
write 2         # brokers array length
  write 1       # broker id
  write 7s "broker1"
  write 9093    # port int32
  write -1s     # rack string (null)

  write 2
  write 10s "broker2new"
  write 9093
  write -1s
write 9s "cluster 1"
write 1         # controller broker id
write 1         # topic array length
  write 0s      # error code
  write 4s "test"
  write byte 0  # is_internal
  write 2       # partition array length
    write 0s    # error code
    write 0     # partition
    write 1     # leader
    write 0     # replicas array (empty)
    write -1    # isr array (null)
    write 0     # offline replicas array (empty)

    write 0s    # error code
    write 1     # partition
    write 2     # leader
    write 0     # replicas array (empty)
    write -1    # isr array (null)
    write 0     # offline replicas array (empty)

read 62         # Size int32
read 32s        # ApiKey int16 (DescribeConfigs)
read 0s         # ApiVersion int16
read (int:metadataRequestId) # CorrelationId int32
read -1s        # ClientId string (null)
read 1          # [Resources] array length
read [0x02]     # resource type int8 (topic)
read 4s "test"  # topic name
read 2          # config_names count
read 14s "cleanup.policy"
read 19s "delete.retention.ms"

read notify DESCRIBE_CONFIGS_REQUEST_RECEIVED

write await WRITE_DESCRIBE_CONFIGS_RESPONSE

write 88        # Size int32
write ${metadataRequestId}  # CorrelationId int32
write 0         # throttle_time_ms int32
write 1         # resources count
write 0s        # error code
write -1s       # error message
write [0x02]    # resource type
write 4s "test" # topic name
write 2         # config entries count
write 14s "cleanup.policy"  # config name
write 6s "delete"           # config  value
write [0x00]    # read_only boolean
write [0x01]    # is_default boolean
write [0x00]    # is_sensitive boolean
write 19s "delete.retention.ms"
write 8s "86400000"
write [0x00]    # read_only boolean
write [0x01]    # is_default boolean
write [0x00]    # is_sensitive boolean

# Impacted metadata is refreshed again because second fetch connection fails
read 21         # Size int32
read 3s         # ApiKey int16 (Metadata)
read 5s         # ApiVersion int16
read (int:metadataRequestId) # CorrelationId int32
read -1s        # ClientId string (null)
read 1          # [TopicName] array length
  read 4s "test"
read [0x00]     # allow_auto_topic_creation (boolean)

write 129       # Size int32
write ${metadataRequestId}  # CorrelationId int32
write 0         # throttle_time_ms int32
write 2         # brokers array length
  write 1       # broker id
  write 7s "broker1"
  write 9093    # port int32
  write -1s     # rack string (null)

  write 2
  write 10s "broker2new"
  write 9093
  write -1s
write 9s "cluster 1"
write 1         # controller broker id
write 1         # topic array length
  write 0s      # error code
  write 4s "test"
  write byte 0  # is_internal
  write 2       # partition array length
    write 0s    # error code
    write 0     # partition
    write 1     # leader
    write 0     # replicas array (empty)
    write -1    # isr array (null)
    write 0     # offline replicas array (empty)

    write 0s    # error code
    write 1     # partition
    write 2     # leader
    write 0     # replicas array (empty)
    write -1    # isr array (null)
    write 0     # offline replicas array (empty)

read 62         # Size int32
read 32s        # ApiKey int16 (DescribeConfigs)
read 0s         # ApiVersion int16
read (int:metadataRequestId) # CorrelationId int32
read -1s        # ClientId string (null)
read 1          # [Resources] array length
read [0x02]     # resource type int8 (topic)
read 4s "test"  # topic name
read 2          # config_names count
read 14s "cleanup.policy"
read 19s "delete.retention.ms"

write 88        # Size int32
write ${metadataRequestId}  # CorrelationId int32
write 0         # throttle_time_ms int32
write 1         # resources count
write 0s        # error code
write -1s       # error message
write [0x02]    # resource type
write 4s "test" # topic name
write 2         # config entries count
write 14s "cleanup.policy"  # config name
write 6s "delete"           # config  value
write [0x00]    # read_only boolean
write [0x01]    # is_default boolean
write [0x00]    # is_sensitive boolean
write 19s "delete.retention.ms"
write 8s "86400000"
write [0x00]    # read_only boolean
write [0x01]    # is_default boolean
write [0x00]    # is_sensitive boolean

write notify METADATA_REFRESH_RESPONSE_TWO_WRITTEN

# Fetch stream 1
accepted
read nukleus:begin.ext ${tcp:beginExtRemoteHost("broker1", 9093)}
connected

# Fetch request results in an error
read 65
read 1s
read 5s
read (int:requestId)
read -1s
read -1
read [0..4]
read 1
read [0..4]
read [0x00]
read 1
read 4s "test"
read 1
read 0
read 0L
read -1L
read [0..4]

write await CONNECTION_TWO_FETCH_REQUEST_RECEIVED

write 60
write ${requestId}
write 0
write 1
write 4s "test"
write 1         # partition count
write 0         # partition id
write 6s        # error code NOT_LEADER_FOR_PARTITION
write 0L        # high water mark
write -1L       # last stable offset
write 0L        # log start offset
write -1        # aborted transaction count
write 0         # record set size

write notify CONNECTION_ONE_FETCH_RESPONSE_ERROR_WRITTEN

# Fetching continues after recovery
read 65
read 1s
read 5s
read (int:requestId2)
read -1s
read -1
read [0..4]
read 1
read [0..4]
read [0x00]
read 1
read 4s "test"
read 1
read 0
read 0L
read -1L
read [0..4]

write 140
write ${requestId2}
write 0
write 1         # Number of topic responses
write 4s "test"
write 1         # Number of partition responses
write 0         # Partition
write 0s        # partition error code
write 1L        # high_watermark
write -1L       # last_stable_offset
write 0L        # log_start_offset
write -1        # aborted_transactions (null)
write 80        # length of record set
write 0L        # first offset
write 68        # length of record batch
write 0
write [0x02]
write 0x4e8723aa
write 0s
write 0         # last offset delta
write ${newTimestamp}       # first timestamp
write ${newTimestamp}       # maximum timestamp
write -1L
write -1s
write -1        # first sequence
write 1         # number of records
write ${kafka:varint(18)}
write [0x00]    # attributes
write ${kafka:varint(0)}    # timestamp delta
write ${kafka:varint(0)}    # offset delta
write ${kafka:varint(-1)}   # key length
write ${kafka:varint(12)}   # value length
write "Hello, world"
write ${kafka:varint(0)}


# Fetch stream 2
accepted
read nukleus:begin.ext ${tcp:beginExtRemoteHost("broker2", 9093)}
connected

read 65
read 1s
read 5s
read (int:requestId2)
read -1s
read -1
read [0..4]
read 1
read [0..4]
read [0x00]
read 1
read 4s "test"
read 1
read 1          # partition
read 0L         # offset
read -1L
read [0..4]

read notify CONNECTION_TWO_FETCH_REQUEST_RECEIVED

write await ABORT_CONNECTION_TWO
write abort
read aborted

read notify CONNECTION_TWO_ABORTED

# First historical fetch connection
accepted
read nukleus:begin.ext ${tcp:beginExtRemoteHost("broker1", 9093)}
connected

 # Second historical fetch connection
accepted
read nukleus:begin.ext ${tcp:beginExtRemoteHost("broker2", 9093)}
connected

# Fetch stream 2 reconnects
accepted
read nukleus:begin.ext ${tcp:beginExtRemoteHost("broker2new", 9093)}
connected

# Recovery complete: fetch results in message
read 65
read 1s
read 5s
read (int:requestId2)
read -1s
read -1
read [0..4]
read 1
read [0..4]
read [0x00]
read 1
read 4s "test"
read 1
read 1          # partition
read 0L         # offset
read -1L
read [0..4]

write 140
write ${requestId2}
write 0
write 1         # Number of topic responses
write 4s "test"
write 1         # Number of partition responses
write 1         # Partition
write 0s        # partition error code
write 1L        # high_watermark
write -1L       # last_stable_offset
write 0L        # log_start_offset
write -1        # aborted_transactions (null)
write 80        # length of record set
write 0L        # first offset
write 68        # length of record batch
write 0
write [0x02]
write 0x4e8723aa
write 0s
write 0         # last offset delta
write ${newTimestamp}       # first timestamp
write ${newTimestamp}       # maximum timestamp
write -1L
write -1s
write -1        # first sequence
write 1         # number of records
write ${kafka:varint(18)}
write [0x00]    # attributes
write ${kafka:varint(0)}    # timestamp delta
write ${kafka:varint(0)}    # offset delta
write ${kafka:varint(-1)}   # key length
write ${kafka:varint(12)}   # value length
write "Hello, again"
write ${kafka:varint(0)}

# next fetch request
read 65
read 1s
read 5s
read (int:requestId2)
read -1s
read -1
read [0..4]
read 1
read [0..4]
read [0x00]
read 1
read 4s "test"
read 1
read 1          # partition
read 1L         # offset
read -1L
read [0..4]
